/home/jfigger/.conda/envs/madiEnv/bin/python
imports OK
CUDA: True
GPU: NVIDIA A100-SXM4-80GB MIG 1g.20gb
{
  "atol": 5e-12,
  "case": {
    "V_realised_pL": 0.9062098231827113,
    "V_requested_pL": 0.9,
    "alpha_star_um": 0.17773781973289507,
    "geometry": {
      "alpha_star_um": 0.17773781973289507,
      "annulus_max_um": 0.17773781973289507,
      "annulus_mean_um": 0.1776979984857762,
      "annulus_min_um": 0.09666176059879748,
      "annulus_q05_um": 0.17773781973289507,
      "annulus_q50_um": 0.17773781973289507,
      "annulus_q95_um": 0.17773781973289507,
      "annulus_std_um": 0.00179659587152637,
      "governing_mean_A_over_V_um_inv": 0.22000000000000006,
      "n_seeds_pop": 10580,
      "n_seeds_sim": 4072,
      "n_validation_points": 10000,
      "population": {
        "certification_spacing_um": 8.0,
        "expansion_index": 0,
        "n_relevant_seeds": 7738,
        "pop_margin_um": 29.999999999999993,
        "s10_distance_upper_um": 19.799889819804203,
        "s10_pass": true,
        "s11_min_clearance_margin_um": 0.04477120816014413,
        "s11_pass": true
      },
      "realised_mean_volume_pL": 0.9062098231827113,
      "realised_rho_per_uL": 994140.625,
      "realised_vi": 0.9009,
      "realised_vi_se": 0.0029879623491603766,
      "reference_metadata": {
        "alpha_spacing": "linear",
        "contraction_rule": "all_shifted_voronoi_facets_S2",
        "kappa": 0.9,
        "mean_estimator": "untrimmed_arithmetic_mean_A_over_V",
        "n_alpha": 26,
        "n_single_cells": 16,
        "rho_reference": 1.0,
        "schema": "madi-si-test-reference-v1",
        "source": "test fixture; not a production SI reference cloud"
      },
      "reference_path": "/tmp/madi_gpu_golden_xyow6pcq/test_geometry_reference.npz",
      "sim_side_um": 160.0,
      "source_side_um": 64.0,
      "target_vi": 0.9
    },
    "geometry_seed": 20260811,
    "mean_A_over_V_um_inv": 0.22000000000000006,
    "n_escaped": 0,
    "pp": 0.02,
    "reference_fixture": "non-certified test fixture; production table not used",
    "rho_realised_per_uL": 994140.625,
    "rho_requested_per_uL": 1000000.0,
    "schema": "madi-cpu-gpu-golden-v3-full-facet",
    "source_hi_um": 112.0,
    "source_lo_um": 48.0,
    "stream_seed": 20260812,
    "vi_realised": 0.9009
  },
  "comparisons": {
    "Y": {
      "allclose": true,
      "max_abs": 5.684341886080802e-14,
      "max_rel": 1.1803122295868501e-15,
      "shape": [
        64,
        5,
        3
      ]
    },
    "escaped_equal": true,
    "occupancy_fraction": {
      "allclose": true,
      "max_abs": 0.0,
      "max_rel": 0.0,
      "shape": [
        5
      ]
    }
  },
  "cuda_available": true,
  "golden": "tests/physics_audit/data/cpu_gpu_golden_v1.npz",
  "golden_sha256": "9db549929e5b63542b5de335fbc415419d3e61909f82dc0604aa98fb366ec9df",
  "n_escaped_gpu": 0,
  "pass": true,
  "rtol": 5e-11,
  "schema": "madi-cpu-gpu-golden-report-v3-full-facet"
}
