/home/jfigger/.conda/envs/madiEnv/bin/python
imports OK
CUDA: True
GPU: NVIDIA A100-SXM4-80GB MIG 1g.20gb
============================================================
Building MADI library
============================================================

  Mode: weighted remediation log grid
  cellular triplets: 24
  rho: 10,000 .. 10,000,000 cells/uL (8 uniform-log nodes)
  V:   0.01 .. 200 pL (12 uniform-log nodes)
  vi:  0.400 .. 0.990 (diagonal mask)
  kio: [0.0, 20.0, 130.0] s^-1
  free water: one explicit discrete atom

  Sharding: 0/4; 7 triplets -> libraries/madi_remediation_pilot.shard000.npz
  Requested: 7 triplets
  vi filter: keeping 0.40 <= vi <= 0.99
  Skipped: 0 (outside vi range) + 0 (already exist)
  New to compute: 7
  (δ,Δ,b) grid: 4 pairs × 6 b-values = 24 columns/entry
  Grouped into 3 unique (ρ,V) pairs (ensembles reused across kio values)
  [(ρ,V)=(0k, 0.00)] 1 kio values → ['0']
    → 1 entries in 1.8s (1.8s/entry)  [1/7 done]
  [(ρ,V)=(193k, 2.22)] 3 kio values → ['0', '20', '130']
    → 3 entries in 93.6s (31.2s/entry)  [4/7 done]
  [(ρ,V)=(10000k, 0.06)] 3 kio values → ['0', '20', '130']
    → 3 entries in 128.4s (42.8s/entry)  [7/7 done]

Library: 7 entries total (7 new in 224s)
Saved to libraries/madi_remediation_pilot.shard000.npz
